// Jest Snapshot v1, https://goo.gl/fbAQLP

exports[`RetweetGraph renders a loading state 1`] = `
<div
  className="graph"
>
  <div
    className="infobar"
  >
    <h1>
      Retweets for your last 50 tweets
    </h1>
    <span>
      110 retweets
    </span>
  </div>
  <div
    className="loading"
  >
    Loading Graph...
  </div>
</div>
`;

exports[`RetweetGraph renders a retweet graph once library loaded 1`] = `
<div
  className="graph"
>
  <div
    className="infobar"
  >
    <h1>
      Retweets for your last 50 tweets
    </h1>
    <span>
      110 retweets
    </span>
  </div>
  <mockConstructor
    areaDataAccessor="areaPoints"
    areaStyle={
      Object {
        "fill": "rgba(60, 116, 255, 0.16)",
      }
    }
    areas={
      Array [
        Object {
          "areaPoints": Array [
            Object {
              "date": 1245354273000,
              "retweet_count": 0,
            },
            Object {
              "date": 1245354273000,
              "retweet_count": 100,
            },
            Object {
              "date": 1245354273000,
              "retweet_count": 10,
            },
            Object {
              "date": 1245354273000,
              "retweet_count": 0,
            },
          ],
        },
      ]
    }
    hoverAnnotation={
      Array [
        Object {
          "color": "transparent",
          "type": "frame-hover",
        },
      ]
    }
    lineStyle={
      Object {
        "background": "rgba(60, 116, 255, 0.16)",
        "stroke": "#3C74FF",
        "strokeWidth": "2px",
      }
    }
    lines={
      Array [
        Object {
          "coordinates": Array [
            Object {
              "date": 1245354273000,
              "retweet_count": 100,
            },
            Object {
              "date": 1245354273000,
              "retweet_count": 10,
            },
          ],
        },
      ]
    }
    responsiveWidth={true}
    size={
      Array [
        700,
        207,
      ]
    }
    tooltipContent={[Function]}
    xAccessor="date"
    yAccessor="retweet_count"
  />
</div>
`;
