// Jest Snapshot v1, https://goo.gl/fbAQLP

exports[`Feed renders a users Tweets 1`] = `
<div
  className="feed"
>
  <TweetWithImage
    created_at="Fri Jul 20 02:17:02 +0000 2018"
    id="123"
    image_url="https://images.unsplash.com/photo-1524401033441-e87cab019093?ixlib=rb-0.3.5&ixid=eyJhcHBfaWQiOjEyMDd9&s=9ff8e29a6c3f61d00b66a61f2270e9b5&auto=format&fit=crop&w=1500&q=80"
    key="123"
    text="Hello World"
    user="tom"
  />
  <Tweet
    created_at="Fri Jul 20 02:17:02 +0000 2018"
    id="456"
    key="456"
    text="Hello World"
    user="tom"
  />
</div>
`;
